TAP version 13
# (node:4119) ExperimentalWarning: `--experimental-loader` may be removed in the future; instead use `register()`:
# --import 'data:text/javascript,import { register } from "node:module"; import { pathToFileURL } from "node:url"; register("./tests/mock-loader.mjs", pathToFileURL("./"));'
# (Use `node --trace-warnings ...` to show where the warning was created)
# [Tavern C4] Independent books and extension v1 initialized. Development build: engine/visual acceptance required.
# Subtest: custom component registers portable use without consumption callback
ok 1 - custom component registers portable use without consumption callback
  ---
  duration_ms: 2.645918
  type: 'test'
  ...
# Subtest: loaded pickup moves all3 quality inputs from world to exactly one item
ok 2 - loaded pickup moves all3 quality inputs from world to exactly one item
  ---
  duration_ms: 5.858777
  type: 'test'
  ...
# Subtest: replacing a carried loaded shaker restores all slot snapshots
ok 3 - replacing a carried loaded shaker restores all slot snapshots
  ---
  duration_ms: 1.511146
  type: 'test'
  ...
# Subtest: finished signature carries all effects/RGB and result through placement
ok 4 - finished signature carries all effects/RGB and result through placement
  ---
  duration_ms: 3.203107
  type: 'test'
  ...
# Subtest: world save failure during pickup rolls back block and original contents
ok 5 - world save failure during pickup rolls back block and original contents
  ---
  duration_ms: 1.597844
  type: 'test'
  ...
# Subtest: pickup does not require discarding loaded contents but does require an empty hand
ok 6 - pickup does not require discarding loaded contents but does require an empty hand
  ---
  duration_ms: 0.907346
  type: 'test'
  ...
# Subtest: foreign metadata on a carried shaker is rejected without stripping data
ok 7 - foreign metadata on a carried shaker is rejected without stripping data
  ---
  duration_ms: 0.861123
  type: 'test'
  ...
# Subtest: placement exception returns the exact loaded item payload
ok 8 - placement exception returns the exact loaded item payload
  ---
  duration_ms: 1.015519
  type: 'test'
  ...
# Subtest: incomplete tool never starts an animated session
ok 9 - incomplete tool never starts an animated session
  ---
  duration_ms: 0.501272
  type: 'test'
  ...
# Subtest: handheld source timing boundary 18 preserves expected output
ok 10 - handheld source timing boundary 18 preserves expected output
  ---
  duration_ms: 1.2691
  type: 'test'
  ...
# Subtest: handheld source timing boundary 19 preserves expected output
ok 11 - handheld source timing boundary 19 preserves expected output
  ---
  duration_ms: 1.554569
  type: 'test'
  ...
# Subtest: handheld source timing boundary 68 preserves expected output
ok 12 - handheld source timing boundary 68 preserves expected output
  ---
  duration_ms: 1.317324
  type: 'test'
  ...
# Subtest: handheld source timing boundary 69 preserves expected output
ok 13 - handheld source timing boundary 69 preserves expected output
  ---
  duration_ms: 2.268971
  type: 'test'
  ...
# Subtest: handheld source timing boundary 88 preserves expected output
ok 14 - handheld source timing boundary 88 preserves expected output
  ---
  duration_ms: 1.302255
  type: 'test'
  ...
# Subtest: handheld source timing boundary 89 preserves expected output
ok 15 - handheld source timing boundary 89 preserves expected output
  ---
  duration_ms: 1.442746
  type: 'test'
  ...
# Subtest: handheld source timing boundary 98 preserves expected output
ok 16 - handheld source timing boundary 98 preserves expected output
  ---
  duration_ms: 1.529611
  type: 'test'
  ...
# Subtest: handheld source timing boundary 99 preserves expected output
ok 17 - handheld source timing boundary 99 preserves expected output
  ---
  duration_ms: 1.035593
  type: 'test'
  ...
# Subtest: 111tick watchdog finalizes ONCE, restores neutral tool and stops arm controller
ok 18 - 111tick watchdog finalizes ONCE, restores neutral tool and stops arm controller
  ---
  duration_ms: 6.618502
  type: 'test'
  ...
# Subtest: same-tick repeated use never accidentally finishes
ok 19 - same-tick repeated use never accidentally finishes
  ---
  duration_ms: 1.162916
  type: 'test'
  ...
# Subtest: switching hotbar cancels without writing over new selected item
ok 20 - switching hotbar cancels without writing over new selected item
  ---
  duration_ms: 1.041261
  type: 'test'
  ...
# Subtest: switch to different capsule with same item ID cancels instead of overwriting
ok 21 - switch to different capsule with same item ID cancels instead of overwriting
  ---
  duration_ms: 2.136872
  type: 'test'
  ...
# Subtest: dimension change preserves original ingredients without producing a result
ok 22 - dimension change preserves original ingredients without producing a result
  ---
  duration_ms: 0.910984
  type: 'test'
  ...
# Subtest: death cancels immediately and does not resurrect missing items
ok 23 - death cancels immediately and does not resurrect missing items
  ---
  duration_ms: 0.790801
  type: 'test'
  ...
# Subtest: orphan active item after restart recovers to ordinary data without fabrication
ok 24 - orphan active item after restart recovers to ordinary data without fabrication
  ---
  duration_ms: 0.840568
  type: 'test'
  ...
# Subtest: dropped active payload can be recovered by receiver without copying another item
ok 25 - dropped active payload can be recovered by receiver without copying another item
  ---
  duration_ms: 1.116568
  type: 'test'
  ...
# Subtest: actual custom onUse toggles and sneak-use cancels
ok 26 - actual custom onUse toggles and sneak-use cancels
  ---
  duration_ms: 2.487299
  type: 'test'
  ...
# Subtest: hand operation works in Creative but cannot double-copy items
ok 27 - hand operation works in Creative but cannot double-copy items
  ---
  duration_ms: 1.338776
  type: 'test'
  ...
# Subtest: adventure and spectator do not start a carried session
ok 28 - adventure and spectator do not start a carried session
  ---
  duration_ms: 1.721908
  type: 'test'
  ...
# Subtest: portable recipe snapshot survives extension removal while shaking
ok 29 - portable recipe snapshot survives extension removal while shaking
  ---
  duration_ms: 1.756043
  type: 'test'
  ...
# Subtest: pour does not commit before12ticks; uses already placed glass, not another
ok 30 - pour does not commit before12ticks; uses already placed glass, not another
  ---
  duration_ms: 2.772827
  type: 'test'
  ...
# Subtest: interrupted pour cancels before spending a result or the placed glass
ok 31 - interrupted pour cancels before spending a result or the placed glass
  ---
  duration_ms: 2.038675
  type: 'test'
  ...
# Subtest: walking away during pour cancels instead of filling from afar
ok 32 - walking away during pour cancels instead of filling from afar
  ---
  duration_ms: 1.298187
  type: 'test'
  ...
# Subtest: unloaded cup cancels without clearing portable contents
ok 33 - unloaded cup cancels without clearing portable contents
  ---
  duration_ms: 1.156528
  type: 'test'
  ...
# Subtest: two pourers cannot reserve same glass and takeCup cannot bypass reservation
ok 34 - two pourers cannot reserve same glass and takeCup cannot bypass reservation
  ---
  duration_ms: 3.18726
  type: 'test'
  ...
# Subtest: pour commit storage exception rolls back both hand result and glass
ok 35 - pour commit storage exception rolls back both hand result and glass
  ---
  duration_ms: 1.947869
  type: 'test'
  ...
# Subtest: full-inventory pouring still succeeds because it fills existing glass and same tool slot
ok 36 - full-inventory pouring still succeeds because it fills existing glass and same tool slot
  ---
  duration_ms: 2.361057
  type: 'test'
  ...
# Subtest: placed glass interaction event routes to timed hand pour, not item placement
ok 37 - placed glass interaction event routes to timed hand pour, not item placement
  ---
  duration_ms: 2.326038
  type: 'test'
  ...
# Subtest: sneak-empty table event picks up loaded machine rather than returning free containers
ok 38 - sneak-empty table event picks up loaded machine rather than returning free containers
  ---
  duration_ms: 0.649252
  type: 'test'
  ...
# Subtest: world helper is single, reuses original geometry, and receives PUT only after commit
ok 39 - world helper is single, reuses original geometry, and receives PUT only after commit
  ---
  duration_ms: 1.040514
  type: 'test'
  ...
# Subtest: same PUT revision/tick feedback deduplicates, failed transaction never emits PUT
ok 40 - same PUT revision/tick feedback deduplicates, failed transaction never emits PUT
  ---
  duration_ms: 0.418767
  type: 'test'
  ...
# Subtest: render/audio/particle exceptions never cancel a successful material transaction
ok 41 - render/audio/particle exceptions never cancel a successful material transaction
  ---
  duration_ms: 0.362109
  type: 'test'
  ...
# Subtest: cup pour particle rendering may fail but commit still completes
ok 42 - cup pour particle rendering may fail but commit still completes
  ---
  duration_ms: 1.860991
  type: 'test'
  ...
# Subtest: shaking world sound ticks are10 apart and not a per-frame spam
ok 43 - shaking world sound ticks are10 apart and not a per-frame spam
  ---
  duration_ms: 2.654133
  type: 'test'
  ...
# Subtest: immersive HUD hides bands by default, precise assistance is opt-in
ok 44 - immersive HUD hides bands by default, precise assistance is opt-in
  ---
  duration_ms: 1.825501
  type: 'test'
  ...
# Subtest: book toggles timing preference without touching Cookery keys
ok 45 - book toggles timing preference without touching Cookery keys
  ---
  duration_ms: 1.62914
  type: 'test'
  ...
# Subtest: barrel lid transaction uses actual lid action and only its matching sound
ok 46 - barrel lid transaction uses actual lid action and only its matching sound
  ---
  duration_ms: 2.939602
  type: 'test'
  ...
# Subtest: failed barrel lid save emits no successful-action cue
ok 47 - failed barrel lid save emits no successful-action cue
  ---
  duration_ms: 0.623034
  type: 'test'
  ...
# Subtest: portable pickup does not block containerless extension ingredient retrieval
ok 48 - portable pickup does not block containerless extension ingredient retrieval
  ---
  duration_ms: 1.204305
  type: 'test'
  ...
1..48
# tests 48
# suites 0
# pass 48
# fail 0
# cancelled 0
# skipped 0
# todo 0
# duration_ms 265.060633
