TAP version 13
# (node:5016) ExperimentalWarning: `--experimental-loader` may be removed in the future; instead use `register()`:
# --import 'data:text/javascript,import { register } from "node:module"; import { pathToFileURL } from "node:url"; register("./tests/mock-loader.mjs", pathToFileURL("./"));'
# (Use `node --trace-warnings ...` to show where the warning was created)
# [Tavern C6] Independent books and extension v1 initialized. Development build: engine/visual acceptance required.
# [Tavern C2] TavernError: METADATA_ITEM_REJECTED
# [Tavern C2] TavernError: SEAT_OCCUPIED
# [Tavern C2] TavernError: BLOCK_CHANGED
# Subtest: full place -> sit -> turn -> dismount -> recover white
ok 1 - full place -> sit -> turn -> dismount -> recover white
  ---
  duration_ms: 4.792712
  type: 'test'
  ...
# Subtest: full place -> sit -> turn -> dismount -> recover light_gray
ok 2 - full place -> sit -> turn -> dismount -> recover light_gray
  ---
  duration_ms: 0.861198
  type: 'test'
  ...
# Subtest: full place -> sit -> turn -> dismount -> recover gray
ok 3 - full place -> sit -> turn -> dismount -> recover gray
  ---
  duration_ms: 0.782879
  type: 'test'
  ...
# Subtest: full place -> sit -> turn -> dismount -> recover black
ok 4 - full place -> sit -> turn -> dismount -> recover black
  ---
  duration_ms: 0.626434
  type: 'test'
  ...
# Subtest: full place -> sit -> turn -> dismount -> recover brown
ok 5 - full place -> sit -> turn -> dismount -> recover brown
  ---
  duration_ms: 0.751815
  type: 'test'
  ...
# Subtest: full place -> sit -> turn -> dismount -> recover red
ok 6 - full place -> sit -> turn -> dismount -> recover red
  ---
  duration_ms: 0.506729
  type: 'test'
  ...
# Subtest: full place -> sit -> turn -> dismount -> recover orange
ok 7 - full place -> sit -> turn -> dismount -> recover orange
  ---
  duration_ms: 0.442255
  type: 'test'
  ...
# Subtest: full place -> sit -> turn -> dismount -> recover yellow
ok 8 - full place -> sit -> turn -> dismount -> recover yellow
  ---
  duration_ms: 0.40491
  type: 'test'
  ...
# Subtest: full place -> sit -> turn -> dismount -> recover lime
ok 9 - full place -> sit -> turn -> dismount -> recover lime
  ---
  duration_ms: 0.733383
  type: 'test'
  ...
# Subtest: full place -> sit -> turn -> dismount -> recover green
ok 10 - full place -> sit -> turn -> dismount -> recover green
  ---
  duration_ms: 0.616733
  type: 'test'
  ...
# Subtest: full place -> sit -> turn -> dismount -> recover cyan
ok 11 - full place -> sit -> turn -> dismount -> recover cyan
  ---
  duration_ms: 0.386803
  type: 'test'
  ...
# Subtest: full place -> sit -> turn -> dismount -> recover light_blue
ok 12 - full place -> sit -> turn -> dismount -> recover light_blue
  ---
  duration_ms: 0.306339
  type: 'test'
  ...
# Subtest: full place -> sit -> turn -> dismount -> recover blue
ok 13 - full place -> sit -> turn -> dismount -> recover blue
  ---
  duration_ms: 0.293087
  type: 'test'
  ...
# Subtest: full place -> sit -> turn -> dismount -> recover purple
ok 14 - full place -> sit -> turn -> dismount -> recover purple
  ---
  duration_ms: 0.318495
  type: 'test'
  ...
# Subtest: full place -> sit -> turn -> dismount -> recover magenta
ok 15 - full place -> sit -> turn -> dismount -> recover magenta
  ---
  duration_ms: 0.27538
  type: 'test'
  ...
# Subtest: full place -> sit -> turn -> dismount -> recover pink
ok 16 - full place -> sit -> turn -> dismount -> recover pink
  ---
  duration_ms: 0.26455
  type: 'test'
  ...
# Subtest: place and recover exact light design colorless
ok 17 - place and recover exact light design colorless
  ---
  duration_ms: 0.344383
  type: 'test'
  ...
# Subtest: place and recover exact light design white
ok 18 - place and recover exact light design white
  ---
  duration_ms: 0.184227
  type: 'test'
  ...
# Subtest: place and recover exact light design light_gray
ok 19 - place and recover exact light design light_gray
  ---
  duration_ms: 0.156417
  type: 'test'
  ...
# Subtest: place and recover exact light design gray
ok 20 - place and recover exact light design gray
  ---
  duration_ms: 0.252121
  type: 'test'
  ...
# Subtest: place and recover exact light design black
ok 21 - place and recover exact light design black
  ---
  duration_ms: 0.275736
  type: 'test'
  ...
# Subtest: place and recover exact light design brown
ok 22 - place and recover exact light design brown
  ---
  duration_ms: 0.277886
  type: 'test'
  ...
# Subtest: place and recover exact light design red
ok 23 - place and recover exact light design red
  ---
  duration_ms: 1.627472
  type: 'test'
  ...
# Subtest: place and recover exact light design orange
ok 24 - place and recover exact light design orange
  ---
  duration_ms: 0.183497
  type: 'test'
  ...
# Subtest: place and recover exact light design yellow
ok 25 - place and recover exact light design yellow
  ---
  duration_ms: 0.214166
  type: 'test'
  ...
# Subtest: place and recover exact light design lime
ok 26 - place and recover exact light design lime
  ---
  duration_ms: 0.157126
  type: 'test'
  ...
# Subtest: place and recover exact light design green
ok 27 - place and recover exact light design green
  ---
  duration_ms: 0.125231
  type: 'test'
  ...
# Subtest: place and recover exact light design cyan
ok 28 - place and recover exact light design cyan
  ---
  duration_ms: 0.116861
  type: 'test'
  ...
# Subtest: place and recover exact light design light_blue
ok 29 - place and recover exact light design light_blue
  ---
  duration_ms: 0.123373
  type: 'test'
  ...
# Subtest: place and recover exact light design blue
ok 30 - place and recover exact light design blue
  ---
  duration_ms: 0.113606
  type: 'test'
  ...
# Subtest: place and recover exact light design purple
ok 31 - place and recover exact light design purple
  ---
  duration_ms: 0.110829
  type: 'test'
  ...
# Subtest: place and recover exact light design magenta
ok 32 - place and recover exact light design magenta
  ---
  duration_ms: 0.109937
  type: 'test'
  ...
# Subtest: place and recover exact light design pink
ok 33 - place and recover exact light design pink
  ---
  duration_ms: 0.109951
  type: 'test'
  ...
# Subtest: before-event furniture route consumes1 from stack, no vanilla duplicate
ok 34 - before-event furniture route consumes1 from stack, no vanilla duplicate
  ---
  duration_ms: 0.998487
  type: 'test'
  ...
# Subtest: other addon cancelled event is respected
ok 35 - other addon cancelled event is respected
  ---
  duration_ms: 0.176194
  type: 'test'
  ...
# Subtest: repeat held-button before events do not double-place
ok 36 - repeat held-button before events do not double-place
  ---
  duration_ms: 0.410815
  type: 'test'
  ...
# Subtest: stale hand, metadata changes and changed dimensions do not place
ok 37 - stale hand, metadata changes and changed dimensions do not place
  ---
  duration_ms: 0.350718
  type: 'test'
  ...
# Subtest: two players attempting same seat get one rider only
ok 38 - two players attempting same seat get one rider only
  ---
  duration_ms: 0.786841
  type: 'test'
  ...
# Subtest: occupied stool cannot be mined or recovered, no item duplicated
ok 39 - occupied stool cannot be mined or recovered, no item duplicated
  ---
  duration_ms: 0.920947
  type: 'test'
  ...
# Subtest: riding a boat or horse is not interrupted by stool interaction
ok 40 - riding a boat or horse is not interrupted by stool interaction
  ---
  duration_ms: 0.58515
  type: 'test'
  ...
# Subtest: native addRider rejection never fabricates success
ok 41 - native addRider rejection never fabricates success
  ---
  duration_ms: 0.489031
  type: 'test'
  ...
# Subtest: full inventory recovery keeps physical block and native helper
ok 42 - full inventory recovery keeps physical block and native helper
  ---
  duration_ms: 0.965241
  type: 'test'
  ...
# Subtest: two deferred break callbacks return one furniture item
ok 43 - two deferred break callbacks return one furniture item
  ---
  duration_ms: 0.702552
  type: 'test'
  ...
# Subtest: block write exception restores held stack, no helper spawned
ok 44 - block write exception restores held stack, no helper spawned
  ---
  duration_ms: 0.477928
  type: 'test'
  ...
# Subtest: inventory write exception prevents block placement
ok 45 - inventory write exception prevents block placement
  ---
  duration_ms: 0.408918
  type: 'test'
  ...
# Subtest: helper failure leaves one recoverable block, reconstructs without paying twice
ok 46 - helper failure leaves one recoverable block, reconstructs without paying twice
  ---
  duration_ms: 0.643796
  type: 'test'
  ...
# Subtest: lost helper reconstructed from block without world DP inventory state
ok 47 - lost helper reconstructed from block without world DP inventory state
  ---
  duration_ms: 0.500763
  type: 'test'
  ...
# Subtest: occupied duplicate wins and empty duplicate cannot drop another stool
ok 48 - occupied duplicate wins and empty duplicate cannot drop another stool
  ---
  duration_ms: 0.584088
  type: 'test'
  ...
# Subtest: unloaded block is not considered air and does not eject or delete helper
ok 49 - unloaded block is not considered air and does not eject or delete helper
  ---
  duration_ms: 0.509922
  type: 'test'
  ...
# Subtest: external command replacing stool ejects rider, removes helper, no item minted
ok 50 - external command replacing stool ejects rider, removes helper, no item minted
  ---
  duration_ms: 0.504916
  type: 'test'
  ...
# Subtest: unanchored manually summoned helper is deleted rather than becoming a free chair
ok 51 - unanchored manually summoned helper is deleted rather than becoming a free chair
  ---
  duration_ms: 0.7154
  type: 'test'
  ...
# Subtest: no support or obstructed headroom rejects stool without consumption
ok 52 - no support or obstructed headroom rejects stool without consumption
  ---
  duration_ms: 1.216919
  type: 'test'
  ...
# Subtest: sitting rechecks changed headroom and support
ok 53 - sitting rechecks changed headroom and support
  ---
  duration_ms: 1.187876
  type: 'test'
  ...
# Subtest: dye switches full design and preserves facing; same color costs nothing
ok 54 - dye switches full design and preserves facing; same color costs nothing
  ---
  duration_ms: 0.670935
  type: 'test'
  ...
# Subtest: dye write failure restores16 dyes and old light variant
ok 55 - dye write failure restores16 dyes and old light variant
  ---
  duration_ms: 0.485031
  type: 'test'
  ...
# Subtest: source metadata dye rejected with source stack preserved
ok 56 - source metadata dye rejected with source stack preserved
  ---
  duration_ms: 0.381126
  type: 'test'
  ...
# Subtest: creative furniture still consumes real placed item and returns one
ok 57 - creative furniture still consumes real placed item and returns one
  ---
  duration_ms: 0.542273
  type: 'test'
  ...
# Subtest: spectator/adventure cannot place/sit/recover furniture
ok 58 - spectator/adventure cannot place/sit/recover furniture
  ---
  duration_ms: 0.562478
  type: 'test'
  ...
# Subtest: explosion protection leaves unrelated blocks in impacted list
ok 59 - explosion protection leaves unrelated blocks in impacted list
  ---
  duration_ms: 0.321616
  type: 'test'
  ...
# Subtest: Shriek completed drink applies source damage, additive impulse and16 particles
ok 60 - Shriek completed drink applies source damage, additive impulse and16 particles
  ---
  duration_ms: 1.001424
  type: 'test'
  ...
# Subtest: Shriek source rules hit in corridor only and do not stop at walls
ok 61 - Shriek source rules hit in corridor only and do not stop at walls
  ---
  duration_ms: 0.319884
  type: 'test'
  ...
# Subtest: PvE only excludes players, own helpers, XP orbs and dead mobs
ok 62 - PvE only excludes players, own helpers, XP orbs and dead mobs
  ---
  duration_ms: 6.842715
  type: 'test'
  ...
# Subtest: rejected native damage produces no forced HP change or knockback
ok 63 - rejected native damage produces no forced HP change or knockback
  ---
  duration_ms: 0.350166
  type: 'test'
  ...
# Subtest: bad target and cosmetic failures do not repeat attack or cancel later target
ok 64 - bad target and cosmetic failures do not repeat attack or cancel later target
  ---
  duration_ms: 0.364912
  type: 'test'
  ...
# Subtest: missing engine AABB capability skips unsupported target, not guessed hitbox
ok 65 - missing engine AABB capability skips unsupported target, not guessed hitbox
  ---
  duration_ms: 0.150153
  type: 'test'
  ...
# Subtest: duplicate same-tick callback does not damage twice or repeat particles
ok 66 - duplicate same-tick callback does not damage twice or repeat particles
  ---
  duration_ms: 0.342917
  type: 'test'
  ...
# Subtest: dead or locked source produces no sonic attack
ok 67 - dead or locked source produces no sonic attack
  ---
  duration_ms: 0.208406
  type: 'test'
  ...
# Subtest: wide-target halfwidth expands hit radius, diagonal source uses full ray
ok 68 - wide-target halfwidth expands hit radius, diagonal source uses full ray
  ---
  duration_ms: 0.391609
  type: 'test'
  ...
# Subtest: target cap bounds damage to256, records truncation, no invulnerability bypass
ok 69 - target cap bounds damage to256, records truncation, no invulnerability bypass
  ---
  duration_ms: 3.440619
  type: 'test'
  ...
# Subtest: Shriek applied through signature/custom dispatcher is instant, no saved timer
ok 70 - Shriek applied through signature/custom dispatcher is instant, no saved timer
  ---
  duration_ms: 0.262053
  type: 'test'
  ...
# Subtest: remaining unsupported effects are still not substituted with arbitrary buffs
ok 71 - remaining unsupported effects are still not substituted with arbitrary buffs
  ---
  duration_ms: 0.14335
  type: 'test'
  ...
# Subtest: independent guide includes new furniture/effect pages; recipe API count stays41
ok 72 - independent guide includes new furniture/effect pages; recipe API count stays41
  ---
  duration_ms: 0.503518
  type: 'test'
  ...
1..72
# tests 72
# suites 0
# pass 72
# fail 0
# cancelled 0
# skipped 0
# todo 0
# duration_ms 254.417734
