TAP version 13
# Subtest: exact production recipe counts and disabled Molotov
ok 1 - exact production recipe counts and disabled Molotov
  ---
  duration_ms: 1.023023
  type: 'test'
  ...
# Subtest: all 23 recipes match their concrete ingredients and six output variants
ok 2 - all 23 recipes match their concrete ingredients and six output variants
  ---
  duration_ms: 1.090014
  type: 'test'
  ...
# Subtest: alternative matching uses backtracking and duplicate counts
ok 3 - alternative matching uses backtracking and duplicate counts
  ---
  duration_ms: 0.125913
  type: 'test'
  ...
# Subtest: eight stomps yield exactly 1000mB and consume eight grapes
ok 4 - eight stomps yield exactly 1000mB and consume eight grapes
  ---
  duration_ms: 6.140895
  type: 'test'
  ...
# Subtest: all six pressing recipes resolve to their own fluid
ok 5 - all six pressing recipes resolve to their own fluid
  ---
  duration_ms: 3.750111
  type: 'test'
  ...
# Subtest: mixed fluids and partial bucket extraction reject without mutating state
ok 6 - mixed fluids and partial bucket extraction reject without mutating state
  ---
  duration_ms: 0.645487
  type: 'test'
  ...
# Subtest: 16 empty buckets retain 15 plus one filled bucket
ok 7 - 16 empty buckets retain 15 plus one filled bucket
  ---
  duration_ms: 0.686597
  type: 'test'
  ...
# Subtest: full inventory rejects exchange; no machine mutation
ok 8 - full inventory rejects exchange; no machine mutation
  ---
  duration_ms: 0.200478
  type: 'test'
  ...
# Subtest: last empty bucket frees its own slot even when inventory is otherwise full
ok 9 - last empty bucket frees its own slot even when inventory is otherwise full
  ---
  duration_ms: 0.369744
  type: 'test'
  ...
# Subtest: inventory write exception restores already written slots
ok 10 - inventory write exception restores already written slots
  ---
  duration_ms: 0.465307
  type: 'test'
  ...
# Subtest: storage failure rolls inventory back
ok 11 - storage failure rolls inventory back
  ---
  duration_ms: 0.286352
  type: 'test'
  ...
# Subtest: rollback failure is reported, not swallowed
ok 12 - rollback failure is reported, not swallowed
  ---
  duration_ms: 0.14289
  type: 'test'
  ...
# Subtest: named, lore, dynamic and durability ingredients rejected; plain filled bucket accepted
ok 13 - named, lore, dynamic and durability ingredients rejected; plain filled bucket accepted
  ---
  duration_ms: 0.185655
  type: 'test'
  ...
# Subtest: untouched metadata survives transactions
ok 14 - untouched metadata survives transactions
  ---
  duration_ms: 0.163329
  type: 'test'
  ...
# Subtest: randomized bucket conservation for 500 deterministic inventories
ok 15 - randomized bucket conservation for 500 deterministic inventories
  ---
  duration_ms: 15.005359
  type: 'test'
  ...
# Subtest: four slots cap at16 and filled-before-ingredients enforcement
ok 16 - four slots cap at16 and filled-before-ingredients enforcement
  ---
  duration_ms: 1.461259
  type: 'test'
  ...
# Subtest: fermentation uses snapshot output and minimum ingredient count
ok 17 - fermentation uses snapshot output and minimum ingredient count
  ---
  duration_ms: 0.826475
  type: 'test'
  ...
# Subtest: no ingredient and invalid mixtures yield16, invalid→vinegar
ok 18 - no ingredient and invalid mixtures yield16, invalid→vinegar
  ---
  duration_ms: 1.084082
  type: 'test'
  ...
# Subtest: open/empty barrel does not advance and source97 cadence stays capped
ok 19 - open/empty barrel does not advance and source97 cadence stays capped
  ---
  duration_ms: 102.338956
  type: 'test'
  ...
# Subtest: serving consumes one bottle and exactly one output; final serving resets
ok 20 - serving consumes one bottle and exactly one output; final serving resets
  ---
  duration_ms: 4.141221
  type: 'test'
  ...
# Subtest: state roundtrip, revision conflict and malformed data fail closed
ok 21 - state roundtrip, revision conflict and malformed data fail closed
  ---
  duration_ms: 1.358752
  type: 'test'
  ...
# Subtest: unsupported future state version is not reset
ok 22 - unsupported future state version is not reset
  ---
  duration_ms: 0.14756
  type: 'test'
  ...
# Subtest: reentrancy locks stop double claim and release after failure
ok 23 - reentrancy locks stop double claim and release after failure
  ---
  duration_ms: 0.170337
  type: 'test'
  ...
# Subtest: barrel structure has27 unique cells and correct single origin
ok 24 - barrel structure has27 unique cells and correct single origin
  ---
  duration_ms: 0.174343
  type: 'test'
  ...
# Subtest: extension install idempotent; core recipes remain first
ok 25 - extension install idempotent; core recipes remain first
  ---
  duration_ms: 1.41596
  type: 'test'
  ...
# Subtest: extension ordering does not depend on load order
ok 26 - extension ordering does not depend on load order
  ---
  duration_ms: 2.496748
  type: 'test'
  ...
# Subtest: bad bundle cannot overwrite valid previous extension
ok 27 - bad bundle cannot overwrite valid previous extension
  ---
  duration_ms: 1.632749
  type: 'test'
  ...
# Subtest: reserved and foreign namespaces reject
ok 28 - reserved and foreign namespaces reject
  ---
  duration_ms: 0.4714
  type: 'test'
  ...
# Subtest: unknown kind, fluid, item and API version are rejected
ok 29 - unknown kind, fluid, item and API version are rejected
  ---
  duration_ms: 1.11793
  type: 'test'
  ...
# Subtest: session reload removes extensions; stored batch snapshot remains usable
ok 30 - session reload removes extensions; stored batch snapshot remains usable
  ---
  duration_ms: 0.615283
  type: 'test'
  ...
# Subtest: out-of-order chunks, duplicate exact chunks and unicode roundtrip
ok 31 - out-of-order chunks, duplicate exact chunks and unicode roundtrip
  ---
  duration_ms: 17.913879
  type: 'test'
  ...
# Subtest: incomplete or corrupt transmission never partially installs
ok 32 - incomplete or corrupt transmission never partially installs
  ---
  duration_ms: 7.648973
  type: 'test'
  ...
# Subtest: oversize, expiry, pending limit and conflicting duplicate chunk guarded
ok 33 - oversize, expiry, pending limit and conflicting duplicate chunk guarded
  ---
  duration_ms: 8.007804
  type: 'test'
  ...
# Subtest: guide recipes are generated from registry not a second recipe table
ok 34 - guide recipes are generated from registry not a second recipe table
  ---
  duration_ms: 0.987943
  type: 'test'
  ...
# Subtest: guide pagination respects8 items and removed add-on pages disappear
ok 35 - guide pagination respects8 items and removed add-on pages disappear
  ---
  duration_ms: 0.681919
  type: 'test'
  ...
# Subtest: source correction: all Q1–Q6 have native consumption and own remainder
ok 36 - source correction: all Q1–Q6 have native consumption and own remainder
  ---
  duration_ms: 0.338292
  type: 'test'
  ...
# Subtest: ack retains caller transfer revision distinct from registry counter
ok 37 - ack retains caller transfer revision distinct from registry counter
  ---
  duration_ms: 7.605434
  type: 'test'
  ...
# Subtest: guide and recipe IDs cannot collide within one extension
ok 38 - guide and recipe IDs cannot collide within one extension
  ---
  duration_ms: 0.489217
  type: 'test'
  ...
1..38
# tests 38
# suites 0
# pass 38
# fail 0
# cancelled 0
# skipped 0
# todo 0
# duration_ms 299.857445
