TAP version 13
# (node:1788437) ExperimentalWarning: `--experimental-loader` may be removed in the future; instead use `register()`:
# --import 'data:text/javascript,import { register } from "node:module"; import { pathToFileURL } from "node:url"; register("./tests/mock-loader.mjs", pathToFileURL("./"));'
# (Use `node --trace-warnings ...` to show where the warning was created)
# [Tavern C6] Cookery guide chapter and Tavern extension v1 initialized. Development build: engine/visual acceptance required.
# [Tavern ShakerRoute] {"block":"minecraft:overworld/800_64_0","itemId":"minecraft:potion","cancelled":true,"handled":true,"rejection":"NONE"}
# [Tavern C2] TavernError: STALE_POTION
# Subtest: completed signature cocktail returns one glass and applies its stored effects
ok 1 - completed signature cocktail returns one glass and applies its stored effects
  ---
  duration_ms: 8.311072
  type: 'test'
  ...
# Subtest: completed signature cocktail rejects a changed held payload without consuming it
ok 2 - completed signature cocktail rejects a changed held payload without consuming it
  ---
  duration_ms: 1.391453
  type: 'test'
  ...
# Subtest: native onUse does not toggle: start comes only from itemStartUse
ok 3 - native onUse does not toggle: start comes only from itemStartUse
  ---
  duration_ms: 8.643682
  type: 'test'
  ...
# Subtest: native start makes ZERO inventory writes and retains type, token and payload
ok 4 - native start makes ZERO inventory writes and retains type, token and payload
  ---
  duration_ms: 4.333069
  type: 'test'
  ...
# Subtest: native remaining duration boundary 0
ok 5 - native remaining duration boundary 0
  ---
  duration_ms: 4.446796
  type: 'test'
  ...
# Subtest: native remaining duration boundary 18
ok 6 - native remaining duration boundary 18
  ---
  duration_ms: 8.785513
  type: 'test'
  ...
# Subtest: native remaining duration boundary 19
ok 7 - native remaining duration boundary 19
  ---
  duration_ms: 9.750151
  type: 'test'
  ...
# Subtest: native remaining duration boundary 68
ok 8 - native remaining duration boundary 68
  ---
  duration_ms: 14.058623
  type: 'test'
  ...
# Subtest: native remaining duration boundary 69
ok 9 - native remaining duration boundary 69
  ---
  duration_ms: 16.474064
  type: 'test'
  ...
# Subtest: native remaining duration boundary 88
ok 10 - native remaining duration boundary 88
  ---
  duration_ms: 14.501379
  type: 'test'
  ...
# Subtest: native remaining duration boundary 89
ok 11 - native remaining duration boundary 89
  ---
  duration_ms: 19.516642
  type: 'test'
  ...
# Subtest: native remaining duration boundary 98
ok 12 - native remaining duration boundary 98
  ---
  duration_ms: 20.231943
  type: 'test'
  ...
# Subtest: native remaining duration boundary 99
ok 13 - native remaining duration boundary 99
  ---
  duration_ms: 13.66407
  type: 'test'
  ...
# Subtest: native remaining duration boundary 110
ok 14 - native remaining duration boundary 110
  ---
  duration_ms: 15.334119
  type: 'test'
  ...
# Subtest: release then stop callback finalizes only once
ok 15 - release then stop callback finalizes only once
  ---
  duration_ms: 12.248329
  type: 'test'
  ...
# Subtest: stop-only platform event also finalizes through the same path
ok 16 - stop-only platform event also finalizes through the same path
  ---
  duration_ms: 16.069041
  type: 'test'
  ...
# Subtest: duplicate native start does not reset the session time
ok 17 - duplicate native start does not reset the session time
  ---
  duration_ms: 12.108702
  type: 'test'
  ...
# Subtest: 111 watchdog latches held input and never restarts/re-rolls before physical release
ok 18 - 111 watchdog latches held input and never restarts/re-rolls before physical release
  ---
  duration_ms: 14.433295
  type: 'test'
  ...
# Subtest: server elapsed time determines the result when a client reports mismatched remaining duration
ok 19 - server elapsed time determines the result when a client reports mismatched remaining duration
  ---
  duration_ms: 6.862275
  type: 'test'
  ...
# Subtest: undefined stop item (dimension/teleport interruption) cannot count as release
ok 20 - undefined stop item (dimension/teleport interruption) cannot count as release
  ---
  duration_ms: 9.686683
  type: 'test'
  ...
# Subtest: switched hotbar cancels native hold without converting/replacing the old tool
ok 21 - switched hotbar cancels native hold without converting/replacing the old tool
  ---
  duration_ms: 1.583634
  type: 'test'
  ...
# Subtest: sneaking cancels, and a late release does not create a result
ok 22 - sneaking cancels, and a late release does not create a result
  ---
  duration_ms: 8.083361
  type: 'test'
  ...
# Subtest: unavailable native input is not silently converted to two clicks
ok 23 - unavailable native input is not silently converted to two clicks
  ---
  duration_ms: 1.307854
  type: 'test'
  ...
# Subtest: explicit fallback works and ignores native-start callbacks
ok 24 - explicit fallback works and ignores native-start callbacks
  ---
  duration_ms: 1.684307
  type: 'test'
  ...
# Subtest: server/player registries are independent for simultaneous native uses
ok 25 - server/player registries are independent for simultaneous native uses
  ---
  duration_ms: 17.211422
  type: 'test'
  ...
# Subtest: native potion round-trip minecraft:swiftness/minecraft:consumable
ok 26 - native potion round-trip minecraft:swiftness/minecraft:consumable
  ---
  duration_ms: 1.808276
  type: 'test'
  ...
# Subtest: native potion round-trip minecraft:long_poison/minecraft:consumable
ok 27 - native potion round-trip minecraft:long_poison/minecraft:consumable
  ---
  duration_ms: 0.702358
  type: 'test'
  ...
# Subtest: native potion round-trip minecraft:strong_healing/minecraft:consumable
ok 28 - native potion round-trip minecraft:strong_healing/minecraft:consumable
  ---
  duration_ms: 0.74488
  type: 'test'
  ...
# Subtest: native potion round-trip minecraft:swiftness/minecraft:splash
ok 29 - native potion round-trip minecraft:swiftness/minecraft:splash
  ---
  duration_ms: 0.671819
  type: 'test'
  ...
# Subtest: native potion round-trip minecraft:long_poison/minecraft:splash
ok 30 - native potion round-trip minecraft:long_poison/minecraft:splash
  ---
  duration_ms: 0.66384
  type: 'test'
  ...
# Subtest: native potion round-trip minecraft:strong_healing/minecraft:splash
ok 31 - native potion round-trip minecraft:strong_healing/minecraft:splash
  ---
  duration_ms: 0.655067
  type: 'test'
  ...
# Subtest: native potion round-trip minecraft:swiftness/minecraft:lingering
ok 32 - native potion round-trip minecraft:swiftness/minecraft:lingering
  ---
  duration_ms: 0.672307
  type: 'test'
  ...
# Subtest: native potion round-trip minecraft:long_poison/minecraft:lingering
ok 33 - native potion round-trip minecraft:long_poison/minecraft:lingering
  ---
  duration_ms: 0.64941
  type: 'test'
  ...
# Subtest: native potion round-trip minecraft:strong_healing/minecraft:lingering
ok 34 - native potion round-trip minecraft:strong_healing/minecraft:lingering
  ---
  duration_ms: 0.858179
  type: 'test'
  ...
# Subtest: native potion duration is recorded in snapshot seconds, not guessed by base ID
ok 35 - native potion duration is recorded in snapshot seconds, not guessed by base ID
  ---
  duration_ms: 0.23104
  type: 'test'
  ...
# Subtest: unknown native potion effect rejects intake without taking potion or giving bottle
ok 36 - unknown native potion effect rejects intake without taking potion or giving bottle
  ---
  duration_ms: 0.491638
  type: 'test'
  ...
# Subtest: custom named/lore/DP potions rejected intact
ok 37 - custom named/lore/DP potions rejected intact
  ---
  duration_ms: 0.923199
  type: 'test'
  ...
# Subtest: potion changed during deferred interaction is not consumed as an older potion
ok 38 - potion changed during deferred interaction is not consumed as an older potion
  ---
  duration_ms: 2.210466
  type: 'test'
  ...
# Subtest: potion state survives portable pickup and re-placement
ok 39 - potion state survives portable pickup and re-placement
  ---
  duration_ms: 0.953111
  type: 'test'
  ...
# Subtest: save failure during potion insertion returns exact variant without an extra bottle
ok 40 - save failure during potion insertion returns exact variant without an extra bottle
  ---
  duration_ms: 0.632057
  type: 'test'
  ...
# Subtest: source WHITE recipe tag now admits drinkable potions, not invented splash tags
ok 41 - source WHITE recipe tag now admits drinkable potions, not invented splash tags
  ---
  duration_ms: 1.53471
  type: 'test'
  ...
# Subtest: mixed potion signature applies actual native effects and returns no second glass
ok 42 - mixed potion signature applies actual native effects and returns no second glass
  ---
  duration_ms: 1.903581
  type: 'test'
  ...
# Subtest: potion diagnostic reflects actual runtime available registry, not all theoretical specs
ok 43 - potion diagnostic reflects actual runtime available registry, not all theoretical specs
  ---
  duration_ms: 0.412833
  type: 'test'
  ...
# Subtest: blood Mary drinking applies a timed custom status, not a replacement native buff
ok 44 - blood Mary drinking applies a timed custom status, not a replacement native buff
  ---
  duration_ms: 0.850318
  type: 'test'
  ...
# Subtest: kill heal uses victim maximum health, caps at own maximum and deduplicates
ok 45 - kill heal uses victim maximum health, caps at own maximum and deduplicates
  ---
  duration_ms: 0.816764
  type: 'test'
  ...
# Subtest: no status, own death or dead killer grants no healing
ok 46 - no status, own death or dead killer grants no healing
  ---
  duration_ms: 0.401232
  type: 'test'
  ...
# Subtest: timed effects expire online and do not become permanent DP buffs
ok 47 - timed effects expire online and do not become permanent DP buffs
  ---
  duration_ms: 1.865188
  type: 'test'
  ...
# Subtest: milk clears only Tavern custom status keys
ok 48 - milk clears only Tavern custom status keys
  ---
  duration_ms: 1.036263
  type: 'test'
  ...
# Subtest: logout freezes remaining custom time and reconnect restores it
ok 49 - logout freezes remaining custom time and reconnect restores it
  ---
  duration_ms: 1.245993
  type: 'test'
  ...
# Subtest: XP drain moves existing orbs without replacing or increasing their values
ok 50 - XP drain moves existing orbs without replacing or increasing their values
  ---
  duration_ms: 0.485877
  type: 'test'
  ...
# Subtest: Zenith teleports only to a checked top surface and applies source hunger time
ok 51 - Zenith teleports only to a checked top surface and applies source hunger time
  ---
  duration_ms: 0.71674
  type: 'test'
  ...
# Subtest: Emerald long reach extends routed block reach from6to9m without claiming native attack reach
ok 52 - Emerald long reach extends routed block reach from6to9m without claiming native attack reach
  ---
  duration_ms: 0.810443
  type: 'test'
  ...
# Subtest: grass stealth applies Java exhaustion cadence and short native invisibility only while crouched in tagged plants
ok 53 - grass stealth applies Java exhaustion cadence and short native invisibility only while crouched in tagged plants
  ---
  duration_ms: 0.613417
  type: 'test'
  ...
# Subtest: Slightly Tipsy preserves timed effect state without inventing a different camera motion
ok 54 - Slightly Tipsy preserves timed effect state without inventing a different camera motion
  ---
  duration_ms: 0.353253
  type: 'test'
  ...
# Subtest: missing native stop is recoverable after a hotbar context change
ok 55 - missing native stop is recoverable after a hotbar context change
  ---
  duration_ms: 1.904569
  type: 'test'
  ...
# Subtest: auto-complete latch is kept until release, so holding cannot reroll results
ok 56 - auto-complete latch is kept until release, so holding cannot reroll results
  ---
  duration_ms: 11.167463
  type: 'test'
  ...
# Subtest: full inventory potion withdrawal preserves the slot snapshot and sixteen glass bottles
ok 57 - full inventory potion withdrawal preserves the slot snapshot and sixteen glass bottles
  ---
  duration_ms: 0.996821
  type: 'test'
  ...
# Subtest: potion resolver silently changing type is detected before any consumption
ok 58 - potion resolver silently changing type is detected before any consumption
  ---
  duration_ms: 0.47674
  type: 'test'
  ...
# Subtest: potion return save failure rolls back to the exact stored potion identity
ok 59 - potion return save failure rolls back to the exact stored potion identity
  ---
  duration_ms: 0.674369
  type: 'test'
  ...
# Subtest: Zenith rejects an unsafe top surface without teleport, hunger or editing blocks
ok 60 - Zenith rejects an unsafe top surface without teleport, hunger or editing blocks
  ---
  duration_ms: 0.907703
  type: 'test'
  ...
# Subtest: dead killer remains dead despite an attributed kill event
ok 61 - dead killer remains dead despite an attributed kill event
  ---
  duration_ms: 0.338701
  type: 'test'
  ...
# Subtest: native potion extension waits for capability instead of claiming registration on an old host
ok 62 - native potion extension waits for capability instead of claiming registration on an old host
  ---
  duration_ms: 46.296776
  type: 'test'
  ...
1..62
# tests 62
# suites 0
# pass 62
# fail 0
# cancelled 0
# skipped 0
# todo 0
# duration_ms 729.236897
